// Jest Snapshot v1, https://goo.gl/fbAQLP

exports[`Test delete button component to match snapshot  1`] = `
<div>
  <Button
    avatar="delete.svg"
    clickHandler={[Function]}
    styles={
      Object {
        "borderLeftWidth": 0,
        "borderRadius": "0 4px 4px 0",
      }
    }
    text="Delete"
  />
</div>
`;
